0:1(21): preprocessor error: syntax error, unexpected IDENTIFIER

