0:0(1): preprocessor error: #error line 0 error
0:25(1): preprocessor error: #error line 25 error
1:0(1): preprocessor error: #error source 1, line 0 error
2:30(1): preprocessor error: #error source 2, line 30 error









