0:2(22): preprocessor error: syntax error, unexpected IDENTIFIER
0:1(7): preprocessor error: Unterminated #if



